../User/lib/l_timer.c:15:6:timer_set_ic_polarity	24	static
../User/lib/l_timer.c:40:13:timer_ic_user_handler	16	static
../User/lib/l_timer.c:49:13:timer_base_user_handler	16	static
../User/lib/l_timer.c:59:6:HAL_TIM_IC_CaptureCallback	16	static
../User/lib/l_timer.c:70:6:start_delay_timer	8	static
../User/lib/l_timer.c:83:6:stop_delay_timer	8	static
../User/lib/l_timer.c:93:10:get_delaytimer_timestamp	32	static
../User/lib/l_timer.c:98:10:get_delaytimer_timestamp_ns	56	static
../User/lib/l_timer.c:104:10:get_delaytimer_timestamp_ms	64	static
../User/lib/l_timer.c:110:10:get_delaytimer_timestamp_us	80	static
../User/lib/l_timer.c:116:5:is_time_elapsed	56	static
../User/lib/l_timer.c:127:6:HAL_TIM_PeriodElapsedCallback	24	static
../User/lib/l_timer.c:142:6:timer_set_count	16	static
../User/lib/l_timer.c:149:6:timer_set_arr	16	static
../User/lib/l_timer.c:155:6:timer_set_period	16	static
../User/lib/l_timer.c:160:10:timer_get_period	16	static
../User/lib/l_timer.c:166:6:timer_set_ccr	32	static
../User/lib/l_timer.c:204:6:pwm_set_ccr	16	static
../User/lib/l_timer.c:211:6:pwm_set_permill	24	static
../User/lib/l_timer.c:220:6:pwm_set_percent	24	static
